// Jest Snapshot v1, https://goo.gl/fbAQLP

exports[`WecoopDao Positive - Get all polls by looping through globalState 1`] = `
[
  [
    "UE2JNZT5OJ32R7JHT2V7HVXBMMFJPYHJOJB2RLMPOULP6MIWN4XFRHBUN4",
    1655n,
    "Is this the first ever question on wecoop.xyz polls?",
    0n,
    0n,
    2n,
  ],
]
`;

exports[`WecoopDao Positive - User should create a poll and return the created poll box 1`] = `
{
  "confirmation": PendingTransactionResponse {
    "applicationIndex": undefined,
    "assetClosingAmount": undefined,
    "assetIndex": undefined,
    "attribute_map": {
      "applicationIndex": "application-index",
      "assetClosingAmount": "asset-closing-amount",
      "assetIndex": "asset-index",
      "closeRewards": "close-rewards",
      "closingAmount": "closing-amount",
      "confirmedRound": "confirmed-round",
      "globalStateDelta": "global-state-delta",
      "innerTxns": "inner-txns",
      "localStateDelta": "local-state-delta",
      "logs": "logs",
      "poolError": "pool-error",
      "receiverRewards": "receiver-rewards",
      "senderRewards": "sender-rewards",
      "txn": "txn",
    },
    "closeRewards": undefined,
    "closingAmount": undefined,
    "confirmedRound": 526,
    "globalStateDelta": [
      EvalDeltaKeyValue {
        "attribute_map": {
          "key": "key",
          "value": "value",
        },
        "key": "dG90YWxQb2xscw==",
        "value": EvalDelta {
          "action": 2,
          "attribute_map": {
            "action": "action",
            "bytes": "bytes",
            "uint": "uint",
          },
          "bytes": undefined,
          "uint": 1,
        },
      },
    ],
    "innerTxns": undefined,
    "localStateDelta": undefined,
    "logs": undefined,
    "poolError": "",
    "receiverRewards": undefined,
    "senderRewards": undefined,
    "txn": {
      "sig": Uint8Array [
        168,
        152,
        236,
        88,
        163,
        25,
        145,
        212,
        148,
        153,
        100,
        214,
        182,
        48,
        2,
        38,
        211,
        21,
        54,
        182,
        207,
        171,
        81,
        97,
        76,
        182,
        175,
        55,
        7,
        190,
        107,
        243,
        78,
        37,
        18,
        70,
        192,
        71,
        10,
        104,
        170,
        162,
        76,
        146,
        124,
        141,
        163,
        171,
        146,
        193,
        229,
        207,
        246,
        192,
        34,
        172,
        176,
        10,
        13,
        227,
        103,
        100,
        60,
        11,
      ],
      "txn": {
        "apaa": [
          Uint8Array [
            165,
            202,
            75,
            167,
          ],
          Uint8Array [
            0,
            52,
            73,
            115,
            32,
            116,
            104,
            105,
            115,
            32,
            116,
            104,
            101,
            32,
            102,
            105,
            114,
            115,
            116,
            32,
            101,
            118,
            101,
            114,
            32,
            113,
            117,
            101,
            115,
            116,
            105,
            111,
            110,
            32,
            111,
            110,
            32,
            119,
            101,
            99,
            111,
            111,
            112,
            46,
            120,
            121,
            122,
            32,
            112,
            111,
            108,
            108,
            115,
            63,
          ],
        ],
        "apbx": [
          {
            "n": Uint8Array [
              112,
              111,
              108,
              108,
              95,
              0,
              0,
              0,
              0,
              0,
              0,
              0,
              1,
            ],
          },
        ],
        "apid": 1679,
        "fee": 3000,
        "fv": 525,
        "gen": "dockernet-v1",
        "gh": Uint8Array [
          219,
          106,
          178,
          124,
          233,
          34,
          246,
          62,
          230,
          145,
          135,
          136,
          65,
          181,
          197,
          58,
          175,
          208,
          108,
          63,
          232,
          199,
          164,
          40,
          57,
          51,
          72,
          13,
          166,
          56,
          128,
          249,
        ],
        "grp": Uint8Array [
          168,
          24,
          248,
          248,
          111,
          207,
          168,
          39,
          190,
          254,
          212,
          190,
          9,
          242,
          191,
          245,
          127,
          130,
          146,
          26,
          57,
          190,
          137,
          102,
          109,
          3,
          196,
          162,
          98,
          68,
          34,
          209,
        ],
        "lv": 1525,
        "snd": Uint8Array [
          4,
          172,
          58,
          136,
          80,
          22,
          165,
          188,
          227,
          126,
          151,
          75,
          45,
          170,
          137,
          83,
          160,
          73,
          203,
          43,
          126,
          183,
          198,
          105,
          4,
          206,
          128,
          170,
          248,
          132,
          197,
          1,
        ],
        "type": "appl",
      },
    },
  },
  "confirmations": [
    PendingTransactionResponse {
      "applicationIndex": undefined,
      "assetClosingAmount": undefined,
      "assetIndex": undefined,
      "attribute_map": {
        "applicationIndex": "application-index",
        "assetClosingAmount": "asset-closing-amount",
        "assetIndex": "asset-index",
        "closeRewards": "close-rewards",
        "closingAmount": "closing-amount",
        "confirmedRound": "confirmed-round",
        "globalStateDelta": "global-state-delta",
        "innerTxns": "inner-txns",
        "localStateDelta": "local-state-delta",
        "logs": "logs",
        "poolError": "pool-error",
        "receiverRewards": "receiver-rewards",
        "senderRewards": "sender-rewards",
        "txn": "txn",
      },
      "closeRewards": undefined,
      "closingAmount": undefined,
      "confirmedRound": 526,
      "globalStateDelta": undefined,
      "innerTxns": undefined,
      "localStateDelta": undefined,
      "logs": undefined,
      "poolError": "",
      "receiverRewards": undefined,
      "senderRewards": undefined,
      "txn": {
        "sig": Uint8Array [
          116,
          64,
          148,
          66,
          68,
          52,
          193,
          104,
          172,
          133,
          94,
          212,
          49,
          42,
          140,
          83,
          208,
          215,
          15,
          249,
          15,
          138,
          8,
          37,
          61,
          170,
          199,
          215,
          185,
          90,
          232,
          69,
          219,
          52,
          60,
          168,
          128,
          2,
          97,
          38,
          253,
          12,
          150,
          106,
          136,
          55,
          219,
          191,
          241,
          0,
          116,
          148,
          180,
          182,
          154,
          65,
          63,
          180,
          35,
          92,
          130,
          37,
          68,
          7,
        ],
        "txn": {
          "amt": 3450,
          "fee": 1000,
          "fv": 524,
          "gen": "dockernet-v1",
          "gh": Uint8Array [
            219,
            106,
            178,
            124,
            233,
            34,
            246,
            62,
            230,
            145,
            135,
            136,
            65,
            181,
            197,
            58,
            175,
            208,
            108,
            63,
            232,
            199,
            164,
            40,
            57,
            51,
            72,
            13,
            166,
            56,
            128,
            249,
          ],
          "grp": Uint8Array [
            168,
            24,
            248,
            248,
            111,
            207,
            168,
            39,
            190,
            254,
            212,
            190,
            9,
            242,
            191,
            245,
            127,
            130,
            146,
            26,
            57,
            190,
            137,
            102,
            109,
            3,
            196,
            162,
            98,
            68,
            34,
            209,
          ],
          "lv": 1524,
          "rcv": Uint8Array [
            10,
            238,
            224,
            44,
            233,
            16,
            11,
            214,
            70,
            160,
            191,
            220,
            58,
            109,
            35,
            21,
            126,
            122,
            43,
            59,
            196,
            159,
            146,
            127,
            32,
            112,
            159,
            106,
            92,
            180,
            217,
            213,
          ],
          "snd": Uint8Array [
            4,
            172,
            58,
            136,
            80,
            22,
            165,
            188,
            227,
            126,
            151,
            75,
            45,
            170,
            137,
            83,
            160,
            73,
            203,
            43,
            126,
            183,
            198,
            105,
            4,
            206,
            128,
            170,
            248,
            132,
            197,
            1,
          ],
          "type": "pay",
        },
      },
    },
    PendingTransactionResponse {
      "applicationIndex": undefined,
      "assetClosingAmount": undefined,
      "assetIndex": undefined,
      "attribute_map": {
        "applicationIndex": "application-index",
        "assetClosingAmount": "asset-closing-amount",
        "assetIndex": "asset-index",
        "closeRewards": "close-rewards",
        "closingAmount": "closing-amount",
        "confirmedRound": "confirmed-round",
        "globalStateDelta": "global-state-delta",
        "innerTxns": "inner-txns",
        "localStateDelta": "local-state-delta",
        "logs": "logs",
        "poolError": "pool-error",
        "receiverRewards": "receiver-rewards",
        "senderRewards": "sender-rewards",
        "txn": "txn",
      },
      "closeRewards": undefined,
      "closingAmount": undefined,
      "confirmedRound": 526,
      "globalStateDelta": undefined,
      "innerTxns": undefined,
      "localStateDelta": undefined,
      "logs": undefined,
      "poolError": "",
      "receiverRewards": undefined,
      "senderRewards": undefined,
      "txn": {
        "sig": Uint8Array [
          45,
          158,
          89,
          107,
          113,
          228,
          147,
          56,
          227,
          10,
          98,
          199,
          68,
          158,
          129,
          141,
          85,
          47,
          105,
          94,
          74,
          120,
          57,
          187,
          41,
          85,
          240,
          10,
          142,
          190,
          73,
          105,
          61,
          47,
          120,
          216,
          53,
          228,
          252,
          233,
          176,
          213,
          74,
          150,
          39,
          177,
          253,
          172,
          47,
          126,
          97,
          148,
          63,
          153,
          225,
          90,
          206,
          245,
          83,
          9,
          205,
          173,
          179,
          6,
        ],
        "txn": {
          "aamt": 2,
          "arcv": Uint8Array [
            10,
            238,
            224,
            44,
            233,
            16,
            11,
            214,
            70,
            160,
            191,
            220,
            58,
            109,
            35,
            21,
            126,
            122,
            43,
            59,
            196,
            159,
            146,
            127,
            32,
            112,
            159,
            106,
            92,
            180,
            217,
            213,
          ],
          "fee": 1000,
          "fv": 524,
          "gen": "dockernet-v1",
          "gh": Uint8Array [
            219,
            106,
            178,
            124,
            233,
            34,
            246,
            62,
            230,
            145,
            135,
            136,
            65,
            181,
            197,
            58,
            175,
            208,
            108,
            63,
            232,
            199,
            164,
            40,
            57,
            51,
            72,
            13,
            166,
            56,
            128,
            249,
          ],
          "grp": Uint8Array [
            168,
            24,
            248,
            248,
            111,
            207,
            168,
            39,
            190,
            254,
            212,
            190,
            9,
            242,
            191,
            245,
            127,
            130,
            146,
            26,
            57,
            190,
            137,
            102,
            109,
            3,
            196,
            162,
            98,
            68,
            34,
            209,
          ],
          "lv": 1524,
          "snd": Uint8Array [
            4,
            172,
            58,
            136,
            80,
            22,
            165,
            188,
            227,
            126,
            151,
            75,
            45,
            170,
            137,
            83,
            160,
            73,
            203,
            43,
            126,
            183,
            198,
            105,
            4,
            206,
            128,
            170,
            248,
            132,
            197,
            1,
          ],
          "type": "axfer",
          "xaid": 1677,
        },
      },
    },
    PendingTransactionResponse {
      "applicationIndex": undefined,
      "assetClosingAmount": undefined,
      "assetIndex": undefined,
      "attribute_map": {
        "applicationIndex": "application-index",
        "assetClosingAmount": "asset-closing-amount",
        "assetIndex": "asset-index",
        "closeRewards": "close-rewards",
        "closingAmount": "closing-amount",
        "confirmedRound": "confirmed-round",
        "globalStateDelta": "global-state-delta",
        "innerTxns": "inner-txns",
        "localStateDelta": "local-state-delta",
        "logs": "logs",
        "poolError": "pool-error",
        "receiverRewards": "receiver-rewards",
        "senderRewards": "sender-rewards",
        "txn": "txn",
      },
      "closeRewards": undefined,
      "closingAmount": undefined,
      "confirmedRound": 526,
      "globalStateDelta": [
        EvalDeltaKeyValue {
          "attribute_map": {
            "key": "key",
            "value": "value",
          },
          "key": "dG90YWxQb2xscw==",
          "value": EvalDelta {
            "action": 2,
            "attribute_map": {
              "action": "action",
              "bytes": "bytes",
              "uint": "uint",
            },
            "bytes": undefined,
            "uint": 1,
          },
        },
      ],
      "innerTxns": undefined,
      "localStateDelta": undefined,
      "logs": undefined,
      "poolError": "",
      "receiverRewards": undefined,
      "senderRewards": undefined,
      "txn": {
        "sig": Uint8Array [
          168,
          152,
          236,
          88,
          163,
          25,
          145,
          212,
          148,
          153,
          100,
          214,
          182,
          48,
          2,
          38,
          211,
          21,
          54,
          182,
          207,
          171,
          81,
          97,
          76,
          182,
          175,
          55,
          7,
          190,
          107,
          243,
          78,
          37,
          18,
          70,
          192,
          71,
          10,
          104,
          170,
          162,
          76,
          146,
          124,
          141,
          163,
          171,
          146,
          193,
          229,
          207,
          246,
          192,
          34,
          172,
          176,
          10,
          13,
          227,
          103,
          100,
          60,
          11,
        ],
        "txn": {
          "apaa": [
            Uint8Array [
              165,
              202,
              75,
              167,
            ],
            Uint8Array [
              0,
              52,
              73,
              115,
              32,
              116,
              104,
              105,
              115,
              32,
              116,
              104,
              101,
              32,
              102,
              105,
              114,
              115,
              116,
              32,
              101,
              118,
              101,
              114,
              32,
              113,
              117,
              101,
              115,
              116,
              105,
              111,
              110,
              32,
              111,
              110,
              32,
              119,
              101,
              99,
              111,
              111,
              112,
              46,
              120,
              121,
              122,
              32,
              112,
              111,
              108,
              108,
              115,
              63,
            ],
          ],
          "apbx": [
            {
              "n": Uint8Array [
                112,
                111,
                108,
                108,
                95,
                0,
                0,
                0,
                0,
                0,
                0,
                0,
                1,
              ],
            },
          ],
          "apid": 1679,
          "fee": 3000,
          "fv": 525,
          "gen": "dockernet-v1",
          "gh": Uint8Array [
            219,
            106,
            178,
            124,
            233,
            34,
            246,
            62,
            230,
            145,
            135,
            136,
            65,
            181,
            197,
            58,
            175,
            208,
            108,
            63,
            232,
            199,
            164,
            40,
            57,
            51,
            72,
            13,
            166,
            56,
            128,
            249,
          ],
          "grp": Uint8Array [
            168,
            24,
            248,
            248,
            111,
            207,
            168,
            39,
            190,
            254,
            212,
            190,
            9,
            242,
            191,
            245,
            127,
            130,
            146,
            26,
            57,
            190,
            137,
            102,
            109,
            3,
            196,
            162,
            98,
            68,
            34,
            209,
          ],
          "lv": 1525,
          "snd": Uint8Array [
            4,
            172,
            58,
            136,
            80,
            22,
            165,
            188,
            227,
            126,
            151,
            75,
            45,
            170,
            137,
            83,
            160,
            73,
            203,
            43,
            126,
            183,
            198,
            105,
            4,
            206,
            128,
            170,
            248,
            132,
            197,
            1,
          ],
          "type": "appl",
        },
      },
    },
  ],
  "return": undefined,
  "transaction": Transaction {
    "appAccounts": [],
    "appArgs": [
      Uint8Array [
        165,
        202,
        75,
        167,
      ],
      Uint8Array [
        0,
        52,
        73,
        115,
        32,
        116,
        104,
        105,
        115,
        32,
        116,
        104,
        101,
        32,
        102,
        105,
        114,
        115,
        116,
        32,
        101,
        118,
        101,
        114,
        32,
        113,
        117,
        101,
        115,
        116,
        105,
        111,
        110,
        32,
        111,
        110,
        32,
        119,
        101,
        99,
        111,
        111,
        112,
        46,
        120,
        121,
        122,
        32,
        112,
        111,
        108,
        108,
        115,
        63,
      ],
    ],
    "appForeignApps": [],
    "appForeignAssets": [],
    "appIndex": 1679,
    "appOnComplete": 0,
    "boxes": [
      {
        "appIndex": 1679,
        "name": Uint8Array [
          112,
          111,
          108,
          108,
          95,
          0,
          0,
          0,
          0,
          0,
          0,
          0,
          1,
        ],
      },
    ],
    "fee": 3000,
    "firstRound": 525,
    "flatFee": true,
    "from": {
      "checksum": Uint8Array [
        98,
        225,
        83,
        166,
      ],
      "publicKey": Uint8Array [
        4,
        172,
        58,
        136,
        80,
        22,
        165,
        188,
        227,
        126,
        151,
        75,
        45,
        170,
        137,
        83,
        160,
        73,
        203,
        43,
        126,
        183,
        198,
        105,
        4,
        206,
        128,
        170,
        248,
        132,
        197,
        1,
      ],
    },
    "genesisHash": {
      "data": [
        219,
        106,
        178,
        124,
        233,
        34,
        246,
        62,
        230,
        145,
        135,
        136,
        65,
        181,
        197,
        58,
        175,
        208,
        108,
        63,
        232,
        199,
        164,
        40,
        57,
        51,
        72,
        13,
        166,
        56,
        128,
        249,
      ],
      "type": "Buffer",
    },
    "genesisID": "dockernet-v1",
    "group": {
      "data": [
        168,
        24,
        248,
        248,
        111,
        207,
        168,
        39,
        190,
        254,
        212,
        190,
        9,
        242,
        191,
        245,
        127,
        130,
        146,
        26,
        57,
        190,
        137,
        102,
        109,
        3,
        196,
        162,
        98,
        68,
        34,
        209,
      ],
      "type": "Buffer",
    },
    "lastRound": 1525,
    "lease": Uint8Array [],
    "name": "Transaction",
    "note": Uint8Array [],
    "tag": {
      "data": [
        84,
        88,
      ],
      "type": "Buffer",
    },
    "type": "appl",
  },
  "transactions": [
    Transaction {
      "amount": 3450,
      "appArgs": [],
      "fee": 1000,
      "firstRound": 524,
      "flatFee": true,
      "from": {
        "checksum": Uint8Array [
          98,
          225,
          83,
          166,
        ],
        "publicKey": Uint8Array [
          4,
          172,
          58,
          136,
          80,
          22,
          165,
          188,
          227,
          126,
          151,
          75,
          45,
          170,
          137,
          83,
          160,
          73,
          203,
          43,
          126,
          183,
          198,
          105,
          4,
          206,
          128,
          170,
          248,
          132,
          197,
          1,
        ],
      },
      "genesisHash": {
        "data": [
          219,
          106,
          178,
          124,
          233,
          34,
          246,
          62,
          230,
          145,
          135,
          136,
          65,
          181,
          197,
          58,
          175,
          208,
          108,
          63,
          232,
          199,
          164,
          40,
          57,
          51,
          72,
          13,
          166,
          56,
          128,
          249,
        ],
        "type": "Buffer",
      },
      "genesisID": "dockernet-v1",
      "group": {
        "data": [
          168,
          24,
          248,
          248,
          111,
          207,
          168,
          39,
          190,
          254,
          212,
          190,
          9,
          242,
          191,
          245,
          127,
          130,
          146,
          26,
          57,
          190,
          137,
          102,
          109,
          3,
          196,
          162,
          98,
          68,
          34,
          209,
        ],
        "type": "Buffer",
      },
      "lastRound": 1524,
      "lease": Uint8Array [],
      "name": "Transaction",
      "note": Uint8Array [],
      "tag": {
        "data": [
          84,
          88,
        ],
        "type": "Buffer",
      },
      "to": {
        "checksum": Uint8Array [
          46,
          98,
          120,
          180,
        ],
        "publicKey": Uint8Array [
          10,
          238,
          224,
          44,
          233,
          16,
          11,
          214,
          70,
          160,
          191,
          220,
          58,
          109,
          35,
          21,
          126,
          122,
          43,
          59,
          196,
          159,
          146,
          127,
          32,
          112,
          159,
          106,
          92,
          180,
          217,
          213,
        ],
      },
      "type": "pay",
    },
    Transaction {
      "amount": 2,
      "appArgs": [],
      "assetIndex": 1677,
      "fee": 1000,
      "firstRound": 524,
      "flatFee": false,
      "from": {
        "checksum": Uint8Array [
          98,
          225,
          83,
          166,
        ],
        "publicKey": Uint8Array [
          4,
          172,
          58,
          136,
          80,
          22,
          165,
          188,
          227,
          126,
          151,
          75,
          45,
          170,
          137,
          83,
          160,
          73,
          203,
          43,
          126,
          183,
          198,
          105,
          4,
          206,
          128,
          170,
          248,
          132,
          197,
          1,
        ],
      },
      "genesisHash": {
        "data": [
          219,
          106,
          178,
          124,
          233,
          34,
          246,
          62,
          230,
          145,
          135,
          136,
          65,
          181,
          197,
          58,
          175,
          208,
          108,
          63,
          232,
          199,
          164,
          40,
          57,
          51,
          72,
          13,
          166,
          56,
          128,
          249,
        ],
        "type": "Buffer",
      },
      "genesisID": "dockernet-v1",
      "group": {
        "data": [
          168,
          24,
          248,
          248,
          111,
          207,
          168,
          39,
          190,
          254,
          212,
          190,
          9,
          242,
          191,
          245,
          127,
          130,
          146,
          26,
          57,
          190,
          137,
          102,
          109,
          3,
          196,
          162,
          98,
          68,
          34,
          209,
        ],
        "type": "Buffer",
      },
      "lastRound": 1524,
      "lease": Uint8Array [],
      "name": "Transaction",
      "note": Uint8Array [],
      "tag": {
        "data": [
          84,
          88,
        ],
        "type": "Buffer",
      },
      "to": {
        "checksum": Uint8Array [
          46,
          98,
          120,
          180,
        ],
        "publicKey": Uint8Array [
          10,
          238,
          224,
          44,
          233,
          16,
          11,
          214,
          70,
          160,
          191,
          220,
          58,
          109,
          35,
          21,
          126,
          122,
          43,
          59,
          196,
          159,
          146,
          127,
          32,
          112,
          159,
          106,
          92,
          180,
          217,
          213,
        ],
      },
      "type": "axfer",
    },
    Transaction {
      "appAccounts": [],
      "appArgs": [
        Uint8Array [
          165,
          202,
          75,
          167,
        ],
        Uint8Array [
          0,
          52,
          73,
          115,
          32,
          116,
          104,
          105,
          115,
          32,
          116,
          104,
          101,
          32,
          102,
          105,
          114,
          115,
          116,
          32,
          101,
          118,
          101,
          114,
          32,
          113,
          117,
          101,
          115,
          116,
          105,
          111,
          110,
          32,
          111,
          110,
          32,
          119,
          101,
          99,
          111,
          111,
          112,
          46,
          120,
          121,
          122,
          32,
          112,
          111,
          108,
          108,
          115,
          63,
        ],
      ],
      "appForeignApps": [],
      "appForeignAssets": [],
      "appIndex": 1679,
      "appOnComplete": 0,
      "boxes": [
        {
          "appIndex": 1679,
          "name": Uint8Array [
            112,
            111,
            108,
            108,
            95,
            0,
            0,
            0,
            0,
            0,
            0,
            0,
            1,
          ],
        },
      ],
      "fee": 3000,
      "firstRound": 525,
      "flatFee": true,
      "from": {
        "checksum": Uint8Array [
          98,
          225,
          83,
          166,
        ],
        "publicKey": Uint8Array [
          4,
          172,
          58,
          136,
          80,
          22,
          165,
          188,
          227,
          126,
          151,
          75,
          45,
          170,
          137,
          83,
          160,
          73,
          203,
          43,
          126,
          183,
          198,
          105,
          4,
          206,
          128,
          170,
          248,
          132,
          197,
          1,
        ],
      },
      "genesisHash": {
        "data": [
          219,
          106,
          178,
          124,
          233,
          34,
          246,
          62,
          230,
          145,
          135,
          136,
          65,
          181,
          197,
          58,
          175,
          208,
          108,
          63,
          232,
          199,
          164,
          40,
          57,
          51,
          72,
          13,
          166,
          56,
          128,
          249,
        ],
        "type": "Buffer",
      },
      "genesisID": "dockernet-v1",
      "group": {
        "data": [
          168,
          24,
          248,
          248,
          111,
          207,
          168,
          39,
          190,
          254,
          212,
          190,
          9,
          242,
          191,
          245,
          127,
          130,
          146,
          26,
          57,
          190,
          137,
          102,
          109,
          3,
          196,
          162,
          98,
          68,
          34,
          209,
        ],
        "type": "Buffer",
      },
      "lastRound": 1525,
      "lease": Uint8Array [],
      "name": "Transaction",
      "note": Uint8Array [],
      "tag": {
        "data": [
          84,
          88,
        ],
        "type": "Buffer",
      },
      "type": "appl",
    },
  ],
}
`;
